c7e00000 T _start
c7e00020 t _undefined_instruction
c7e00024 t _software_interrupt
c7e00028 t _prefetch_abort
c7e0002c t _data_abort
c7e00030 t _not_used
c7e00034 t _irq
c7e00038 t _fiq
c7e0003c t _pad
c7e00040 T _end_vect
c7e00040 t _TEXT_BASE
c7e00044 t _TEXT_PHY_BASE
c7e00048 T _armboot_start
c7e0004c T _bss_start
c7e00050 T _bss_end
c7e00054 t reset
c7e00064 t cpu_init_crit
c7e000b8 t after_copy
c7e000b8 t enable_mmu
c7e000d8 t mmu_on
c7e000f4 t skip_hw_init
c7e000f4 t stack_setup
c7e000f8 t clear_bss
c7e00104 t clbss_l
c7e00118 t _start_armboot
c7e0011c t _mmu_table_base
c7e00120 T copy_from_nand
c7e0016c t copy_failed
c7e00174 t compare_failed
c7e0017c T theLastJump
c7e00198 t phy_last_jump
c7e001c0 t undefined_instruction
c7e00220 t software_interrupt
c7e00280 t prefetch_abort
c7e002e0 t data_abort
c7e00340 t not_used
c7e003a0 t irq
c7e00400 t fiq
c7e00460 T arm1136_cache_flush
c7e00480 T mem_ctrl_asm_init
c7e0057c t check_dmc1_ready
c7e00598 T cleanDCache
c7e005a4 T cleanFlushDCache
c7e005b0 T cleanFlushCache
c7e005dc t nandll_read_page
c7e006a8 T copy_uboot_to_ram
c7e008a0 T beep
c7e008cc T movi_set_capacity
c7e008d0 T movi_set_ofs
c7e00924 T movi_bl2_copy
c7e00968 T movi_read_env
c7e0097c T movi_write_env
c7e00990 T movi_init
c7e009c0 T raise
c7e009c4 T __aeabi_ldiv0
c7e009c8 T __div0
c7e009cc t _TEXT_BASE
c7e009d0 T lowlevel_init
c7e00ab0 t wakeup_reset
c7e00adc t system_clock_init
c7e00b10 t check_syncack
c7e00bb0 t uart_asm_init
c7e00c00 t nand_asm_init
c7e00c84 t READ_TIMER
c7e00c9c T enable_interrupts
c7e00ca0 T disable_interrupts
c7e00ca8 T set_timer
c7e00cb8 T reset_timer_masked
c7e00cd8 T reset_timer
c7e00cdc T get_timer_masked
c7e00d24 T get_timer
c7e00d38 T udelay
c7e00dac T udelay_masked
c7e00e20 T get_ticks
c7e00e34 T get_tbclk
c7e00e4c T interrupt_init
c7e00ec8 T show_regs
c7e01008 T bad_mode
c7e01024 T do_irq
c7e01048 T do_fiq
c7e0106c T do_not_used
c7e01090 T do_data_abort
c7e010b4 T do_prefetch_abort
c7e010d8 T do_software_interrupt
c7e010fc T do_undefined_instruction
c7e01120 t read_p15_c1
c7e01128 t write_p15_c1
c7e01130 t cp_delay
c7e0115c T cpu_init
c7e01164 T icache_enable
c7e01180 T icache_disable
c7e0119c T icache_status
c7e011b0 T dcache_enable
c7e011cc T dcache_disable
c7e011e8 T dcache_status
c7e011fc T branch_enable
c7e01218 T branch_disable
c7e01234 T branch_status
c7e01248 T cleanup_before_linux
c7e01274 T reset_cpu
c7e012ac T do_reset
c7e012c4 T mmc_get_dev
c7e012d0 t wait_for_data_done
c7e012ec t ClearCommandCompleteStatus
c7e0131c t ClearTransferCompleteStatus
c7e01344 t ClearDMAStatus
c7e0136c t card_irq_enable
c7e01390 T hsmmc_reset
c7e013a4 T hsmmc_set_gpio
c7e013d8 t set_transfer_mode_register
c7e0140c t set_arg_register
c7e0141c t set_blkcnt_register
c7e0142c t SetSystemAddressReg
c7e0143c t set_blksize_register
c7e01458 t hsmmc_clock_onoff
c7e014a4 t set_cmd_register
c7e014fc t set_hostctl_speed
c7e0151c t wait_for_cmd_done
c7e01570 t check_dma_int
c7e01604 t issue_command
c7e016e0 t check_card_status
c7e0171c T movi_read
c7e01864 T movi_write
c7e019d0 t set_clock
c7e01a54 t clock_config
c7e01ae4 T hsmmc_init
c7e02108 T test_hsmmc
c7e02698 t mmc_bread
c7e026d0 t S3C64XX_GetBase_UART
c7e026e0 T serial_setbrg
c7e026e4 T serial_init
c7e026f4 T serial_getc
c7e02714 T serial_putc
c7e02744 T serial_tstc
c7e0275c T serial_puts
c7e02784 t get_PLLCLK
c7e027f0 T get_UCLK
c7e027f8 T get_FCLK
c7e02800 T get_PCLK
c7e02854 T get_HCLK
c7e028a8 T get_ARMCLK
c7e028d0 T print_cpuinfo
c7e029d8 T sbrk
c7e02a0c T led_init
c7e02a34 T hang
c7e02a44 t display_dram_config
c7e02a74 t display_banner
c7e02a94 t init_baudrate
c7e02af4 T start_armboot
c7e02cdc t __fswab16
c7e02cf0 t __fswab32
c7e02d10 t startAgainTimeout
c7e02d24 t startAgainHandler
c7e02d28 T NetSetHandler
c7e02d38 T NetCksum
c7e02d80 T NetCksumOk
c7e02da4 T copy_filename
c7e02dfc T string_to_VLAN
c7e02e48 T getenv_VLAN
c7e02e58 T string_to_ip
c7e02ec0 T getenv_IPaddr
c7e02ed0 T NetEthHdrSize
c7e02f14 T VLAN_to_string
c7e02f6c T ip_to_string
c7e02fac T print_IPaddr
c7e02fc8 t NetCopyIP
c7e02fd0 T NetSetIP
c7e030d0 T NetSetEther
c7e03184 t NetReadIP
c7e031a0 t PingHandler
c7e031c8 t NetWriteIP
c7e031e4 T NetSendPacket
c7e031e8 T ArpRequest
c7e032d4 T NetReceive
c7e037a4 T PingSend
c7e038e0 T NetSetTimeout
c7e03910 T NetSendUDPPacket
c7e03a4c T NetStartAgain
c7e03ac8 T ArpTimeoutCheck
c7e03b3c t PingTimeout
c7e03b58 T NetLoop
c7e03f44 t __fswab16
c7e03f58 t TftpSend
c7e040b8 T TftpStart
c7e042ac t TftpTimeout
c7e04308 t TftpHandler
c7e04540 t __fswab16
c7e04554 t __fswab32
c7e04574 t truncate_sz
c7e045a8 t NetWriteIP
c7e045c4 t NetCopyIP
c7e045cc t NetReadLong
c7e045e8 T BootpRequest
c7e047ec t BootpHandler
c7e04b1c t BootpTimeout
c7e04b64 T RarpRequest
c7e04c6c t RarpHandler
c7e04cc8 t RarpTimeout
c7e04d10 T eth_initialize
c7e04d18 t __fswab32
c7e04d38 t NfsTimeout
c7e04d5c t basename
c7e04d98 t dirname
c7e04db4 t rpc_add_credentials
c7e04e8c t rpc_lookup_reply
c7e04f2c t nfs_mount_reply
c7e04fc8 t nfs_umountall_reply
c7e05048 t nfs_lookup_reply
c7e050dc t rpc_req
c7e051e8 t rpc_lookup_req
c7e0524c t nfs_mount_req
c7e052dc t nfs_umountall_req
c7e05334 t nfs_lookup_req
c7e053d8 t nfs_read_req
c7e05458 t nfs_readlink_req
c7e054b0 t NfsSend
c7e05544 T NfsStart
c7e05778 t nfs_readlink_reply
c7e05870 t nfs_read_reply
c7e059b4 t NfsHandler
c7e05b9c t iow
c7e05bb8 t ior
c7e05bd8 t move8
c7e05c24 t move16
c7e05c80 t move32
c7e05cdc t GetDM9000ID
c7e05d3c T eth_send
c7e05dac T eth_rx
c7e05e6c t phy_write
c7e05ec4 T eth_halt
c7e05efc t dmfe_init_dm9000
c7e06088 T eth_init
c7e0620c T DM9000_get_enetaddr
c7e06290 T nand_init
c7e0632c t generic_ffs
c7e06384 t nand_release_device
c7e0639c t nand_read_byte
c7e063ac t nand_read_byte16
c7e063c0 t nand_read_word
c7e063d0 t nand_write_buf
c7e06404 t nand_read_buf
c7e0642c t nand_verify_buf
c7e06474 t nand_write_buf16
c7e064ac t nand_read_buf16
c7e064e4 t nand_verify_buf16
c7e06530 t nand_block_bad
c7e0664c t nand_check_wp
c7e06688 T nand_wait_ready
c7e0669c t nand_read_page_raw
c7e066d4 t nand_read_page_swecc
c7e067ec t nand_read_page_hwecc
c7e0691c t nand_read_page_syndrome
c7e06a40 t nand_read_oob_std
c7e06a84 t nand_read_oob_syndrome
c7e06b94 t nand_write_oob_std
c7e06c04 t nand_write_oob_syndrome
c7e06dbc t nand_write_page_raw
c7e06df0 t nand_write_page_swecc
c7e06e94 t nand_write_page_hwecc
c7e06f60 t nand_write_page_syndrome
c7e07050 t single_erase_cmd
c7e0708c t multi_erase_cmd
c7e07118 t nand_sync
c7e0711c t nand_suspend
c7e07124 T nand_release
c7e0714c t nand_resume
c7e0716c T nand_scan_ident
c7e076d8 T nand_scan_tail
c7e07bbc T nand_scan
c7e07bdc t nand_select_chip
c7e07c38 t nand_block_isbad
c7e07c98 t nand_block_markbad
c7e07cd4 t nand_fill_oob
c7e07de8 t nand_do_write_oob
c7e07ef0 t nand_do_write_ops
c7e08210 t nand_write_oob
c7e082c0 t nand_write
c7e08358 t nand_transfer_oob
c7e0846c t nand_command
c7e08628 t nand_command_lp
c7e08870 t nand_do_read_ops
c7e08c2c t nand_read_oob
c7e08df0 T nand_read
c7e08e88 t nand_write_page
c7e08f64 t nand_default_block_markbad
c7e0903c T nand_erase_nand
c7e09300 t nand_erase
c7e09308 t nand_wait
c7e093dc T nand_calculate_ecc
c7e094d4 T nand_correct_data
c7e09600 t check_pattern
c7e096b8 t scan_read_raw
c7e09704 t search_bbt
c7e0989c T nand_isbad_bbt
c7e098ec t create_bbt
c7e09bf4 t read_bbt
c7e09dfc t read_abs_bbt
c7e09ec8 t write_bbt
c7e0a504 T nand_update_bbt
c7e0a65c t mark_bbt_region
c7e0a7c8 T nand_scan_bbt
c7e0ac3c T nand_default_bbt
c7e0ad00 T run_command
c7e0b138 t cread_add_char
c7e0b228 t cread_add_str
c7e0b278 T readline
c7e0b910 t ExecuteCmd
c7e0b918 T arm_sdfuse
c7e0ba64 T lcd_size_config
c7e0bb9c T arm_USBfuse
c7e0bcb8 T NAND_ARMMenu
c7e0bdc0 T main_loop
c7e0bee4 t print_num
c7e0bef8 T do_bdinfo
c7e0bfcc T do_go
c7e0c04c t __fswab32
c7e0c06c t do_imls
c7e0c074 T gunzip
c7e0c1cc t zfree
c7e0c1d4 t zalloc
c7e0c1e4 T print_image_hdr
c7e0c5e0 T do_bootm
c7e0cc18 t on_off
c7e0cc54 T do_branch
c7e0ccd8 T do_dcache
c7e0cd5c T do_icache
c7e0cde0 t cnvrt2
c7e0ce24 T mk_date
c7e0cff4 T do_date
c7e0d108 T valid_elf_image
c7e0d17c T load_elf_image
c7e0d284 T do_bootvx
c7e0d400 T do_bootelf
c7e0d4a4 T get_dev
c7e0d4ac T do_fat_fsinfo
c7e0d4f0 T do_fat_ls
c7e0d534 T do_fat_fsload
c7e0d574 t flash_fill_sect_ranges
c7e0d584 T flash_sect_protect
c7e0d618 T flash_sect_erase
c7e0d688 t addr_spec
c7e0d744 T do_flinfo
c7e0d77c t abbrev_spec
c7e0d7b4 T do_protect
c7e0d980 T do_flerase
c7e0dacc t evalstr
c7e0dae8 t evalexp
c7e0db34 T binary_test
c7e0dd14 T do_itest
c7e0ddbc T ktrans
c7e0dddc T chk1
c7e0de0c t bin_data_init
c7e0de28 t bin_data_char
c7e0de58 T k_data_init
c7e0de78 T k_data_save
c7e0dea0 T k_data_restore
c7e0dec8 T k_data_char
c7e0df18 T send_pad
c7e0df48 T s1_sendpacket
c7e0df74 T handle_send_packet
c7e0e138 T send_nack
c7e0e198 T send_ack
c7e0e1f8 t load_serial_ymodem
c7e0e338 t getcxmodem
c7e0e358 T do_load_serial_bin
c7e0e7bc t load_serial
c7e0e9e8 T do_load_serial
c7e0eac8 T do_mem_base
c7e0eb0c T do_mem_crc
c7e0ebc4 T do_mem_mtest
c7e0ecf0 T cmd_get_data_size
c7e0ed68 T do_mem_loop
c7e0ee6c T do_mem_cp
c7e0ef9c T do_mem_cmp
c7e0f140 T do_mem_mw
c7e0f214 t mod_mem
c7e0f370 T do_mem_nm
c7e0f390 T do_mem_mm
c7e0f3b0 T do_mem_md
c7e0f58c T do_sleep
c7e0f61c t __fswab32
c7e0f63c t nand_read
c7e0f664 t nand_write
c7e0f68c t str2long
c7e0f6c8 t arg_off_size
c7e0f7a4 T do_nandboot
c7e0f9d8 T do_nand
c7e10888 T do_ping
c7e10910 t netboot_common
c7e10bcc T do_nfs
c7e10bd8 T do_rarpb
c7e10be4 T do_tftpb
c7e10bf0 T do_bootp
c7e10bfc t envmatch
c7e10c6c T getenv_r
c7e10d2c T do_saveenv
c7e10d58 T getenv
c7e10dd4 T _do_setenv
c7e1126c T do_setenv
c7e112ac T setenv
c7e112e0 T do_printenv
c7e11484 T usb_get_class_desc
c7e1152c T usb_display_ep_desc
c7e11600 T usb_display_class_sub
c7e11774 T usb_show_tree_graph
c7e1198c T usb_show_tree
c7e119c0 T usb_display_desc
c7e11af0 T usb_display_string
c7e11b28 T usb_display_if_desc
c7e11bb0 T usb_display_conf_desc
c7e11c5c T usb_display_config
c7e11cec T do_usb
c7e11ec8 T find_cmd
c7e11f5c T do_echo
c7e11fdc T do_help
c7e12188 T do_version
c7e121a8 T do_exit
c7e121d8 T do_test
c7e12654 t console_setfile
c7e126f4 T fgetc
c7e1271c T ftstc
c7e12744 T fputc
c7e12770 T fputs
c7e1279c T disable_ctrlc
c7e127b4 T had_ctrlc
c7e127c4 T clear_ctrlc
c7e127d8 T dbg
c7e127e4 T console_init_f
c7e127f4 T console_assign
c7e12884 T fprintf
c7e128cc T puts
c7e128e8 T vprintf
c7e12914 T printf
c7e12954 T console_init_r
c7e12af8 T serial_printf
c7e12b38 T putc
c7e12b54 T tstc
c7e12b6c T getc
c7e12b84 T ctrlc
c7e12bd4 T devices_done
c7e12bf0 T device_register
c7e12c14 T devices_init
c7e12cd4 T malloc_bin_reloc
c7e12d0c T malloc_usable_size
c7e12d50 T mallopt
c7e12dc8 T malloc_trim
c7e12e94 T free
c7e130c0 T cfree
c7e130c4 T malloc
c7e136a4 T memalign
c7e137b4 T pvalloc
c7e137cc T valloc
c7e137d8 T calloc
c7e138b8 T realloc
c7e13d34 T env_get_char_memory
c7e13d54 T env_get_addr
c7e13d74 t env_get_char_init
c7e13dac T env_crc_update
c7e13dd8 T env_relocate
c7e13e54 T env_get_char_spec
c7e13e60 T env_init
c7e13e7c T saveenv
c7e13f3c t use_default
c7e13fbc T env_relocate_spec
c7e14044 t dummy
c7e14048 T get_version
c7e14050 T jumptable_init
c7e14108 T flash_protect
c7e14204 T addr2info
c7e1420c T flash_write
c7e1421c T flash_perror
c7e142fc t b_reset
c7e14318 T simple_itoa
c7e1436c t static_get
c7e14388 t static_peek
c7e14394 t file_peek
c7e143a0 t setup_string_in_str
c7e143cc t indenter
c7e143dc t is_assignment
c7e14438 T mapset
c7e14464 T u_boot_hush_start
c7e144ec t file_get
c7e146bc t syntax_err
c7e146c8 t xmalloc
c7e146e8 T new_pipe
c7e14710 t free_pipe_list
c7e147fc t b_free
c7e14820 t xrealloc
c7e14840 t done_command
c7e148c8 t initialize_context
c7e14900 t done_pipe
c7e14950 t b_addchr
c7e149cc t b_addqchr
c7e14a18 T reserved_word
c7e14b50 t done_word
c7e14cd4 t insert_var_value
c7e14e84 t set_local_var
c7e15034 T update_ifs_map
c7e150a4 t parse_stream_outer
c7e15684 T parse_file_outer
c7e156c8 T parse_string_outer
c7e15790 t run_list_real
c7e15f3c T GetHandleSize
c7e15f44 T ListSetAllocationPolicy
c7e15f58 T ListGetPtrToItem
c7e15f90 T ListGetDataPtr
c7e15f9c T ListGetItemSize
c7e15fa8 T ListNumItems
c7e15fb4 T ListGetItems
c7e15ffc T SetHandleSize
c7e16078 T ListInsertItems
c7e16248 T ListInsertItem
c7e16250 T DisposeHandle
c7e16270 T ListDispose
c7e16274 T NewHandle
c7e162d0 T ListCreate
c7e16330 t hex1_bin
c7e16368 t hex2_bin
c7e1639c T srec_decode
c7e1660c T usb_disable_asynch
c7e16624 T usb_maxpacket
c7e16648 T usb_set_maxpacket
c7e16754 T usb_get_dev_index
c7e16784 T usb_hub_reset
c7e16798 T usb_hub_allocate
c7e167e0 T usb_alloc_new_device
c7e1687c T usb_parse_config
c7e16a10 T usb_submit_int_msg
c7e16a14 T usb_stop
c7e16a44 T wait_ms
c7e16a68 T usb_bulk_msg
c7e16acc T usb_control_msg
c7e16bcc T usb_get_port_status
c7e16c2c T usb_get_hub_status
c7e16c80 T usb_set_port_feature
c7e16ce0 T usb_clear_port_feature
c7e16d40 T usb_clear_hub_feature
c7e16d94 T usb_get_hub_descriptor
c7e16df0 T usb_get_string
c7e16e7c t usb_string_sub
c7e16f80 T usb_string
c7e17080 T usb_get_class_descriptor
c7e170f0 T usb_get_report
c7e17160 T usb_set_idle
c7e171c4 T usb_set_protocol
c7e17224 T usb_set_configuration
c7e1728c T usb_set_interface
c7e17358 T usb_set_address
c7e1739c T usb_get_descriptor
c7e17408 T usb_get_configuration_no
c7e174b0 T usb_clear_halt
c7e17564 t usb_hub_power_on
c7e175a8 T usb_hub_port_connect_change
c7e17704 T usb_hub_configure
c7e17944 T usb_hub_probe
c7e179a4 T usb_new_device
c7e17c34 T usb_scan_devices
c7e17c98 T usb_init
c7e17d14 T parse_num
c7e17e3c T xyzModem_error
c7e17ed8 T xyzModem_stream_close
c7e17f24 T CYGACC_COMM_IF_PUTC
c7e17f2c T CYGACC_COMM_IF_GETC_TIMEOUT
c7e17f80 t xyzModem_flush
c7e17fa8 T xyzModem_stream_terminate
c7e1807c t xyzModem_get_hdr
c7e18300 T xyzModem_stream_read
c7e1858c T xyzModem_stream_open
c7e186ec T do_usbd_dnw
c7e18800 T do_movi
c7e18bb4 T cyg_crc16
c7e18bfc T crc32
c7e18d10 T crc32_no_comp
c7e18e1c T print_size
c7e18ebc T display_options
c7e18edc T strcpy
c7e18ef8 T strncpy
c7e18f20 T strcat
c7e18f54 T strncat
c7e18fb8 T strcmp
c7e18ff0 T strncmp
c7e19040 T strchr
c7e1906c T strlen
c7e1908c T strrchr
c7e190c4 T strnlen
c7e190ec T strspn
c7e19130 T strpbrk
c7e19170 T strtok
c7e191f0 T strsep
c7e19224 T strswab
c7e19270 T memset
c7e19290 T bcopy
c7e192bc T memcpy
c7e192e0 T memmove
c7e1933c T memcmp
c7e1937c T memscan
c7e193ac T strstr
c7e19410 T memchr
c7e19440 T strdup
c7e19474 T simple_strtoul
c7e1952c T simple_strtol
c7e19554 t skip_atoi
c7e1958c t number
c7e197f8 T panic
c7e19848 T vsprintf
c7e19c4c T sprintf
c7e19c74 t falloc
c7e19c98 t ffree
c7e19c9c t inflate_trees_free
c7e19cd0 t huft_build
c7e1a298 t inflate_trees_fixed
c7e1a494 t inflate_codes_new
c7e1a4e4 t inflate_codes_free
c7e1a504 t inflate_blocks_reset
c7e1a5cc T inflateEnd
c7e1a664 T inflateReset
c7e1a6c4 T inflateSync
c7e1a7c4 T inflateInit2
c7e1a908 T inflateInit
c7e1a910 T adler32
c7e1aa88 T inflateIncomp
c7e1abb4 t inflate_flush
c7e1ad28 T inflate
c7e1ca08 T board_init
c7e1ca58 T dram_init
c7e1ca78 T virt_to_phy_smdk6410
c7e1caa8 T checkboard
c7e1cac0 T board_late_init
c7e1cb58 t write_hword
c7e1cc50 T write_buff
c7e1cdc4 T flash_print_info
c7e1ced8 T flash_erase
c7e1d0dc T flash_init
c7e1d128 t IsACK
c7e1d140 t ReadWriteByte
c7e1d158 t WaitForXfer
c7e1d1a4 t i2c_transfer
c7e1d490 T i2c_write
c7e1d520 T vga_init
c7e1d588 T i2c_read
c7e1d620 T i2c_probe
c7e1d65c T i2c_init
c7e1d730 t td_alloc
c7e1d770 t urb_free_priv
c7e1d7a8 T rh_check_port_status
c7e1d7b0 T submit_common_msg
c7e1d7b8 T submit_bulk_msg
c7e1d7c0 T submit_control_msg
c7e1d7c8 T submit_int_msg
c7e1d7d0 T usb_lowlevel_init
c7e1d7d8 T usb_lowlevel_stop
c7e1d7e0 t td_fill
c7e1d894 T sohci_submit_job
c7e1de20 t s3c_nand_hwcontrol
c7e1de98 t s3c_nand_device_ready
c7e1deb4 t s3c_nand_wait_enc
c7e1decc t s3c_nand_wait_dec
c7e1dee4 t s3c_nand_enable_hwecc
c7e1df48 t s3c_nand_calculate_ecc
c7e1dffc T s3c_nand_enable_hwecc_8bit
c7e1e04c T s3c_nand_calculate_ecc_8bit
c7e1e100 T s3c_nand_write_page_8bit
c7e1e1b8 t s3c_nand_write_oob_1bit
c7e1e298 t s3c_nand_read_oob_1bit
c7e1e35c t s3c_nand_write_page_1bit
c7e1e4c4 t s3c_nand_read_page_1bit
c7e1e664 t s3c_nand_read_page_4bit
c7e1e778 t s3c_nand_write_page_4bit
c7e1e844 T board_nand_init
c7e1eb8c t s3c_nand_correct_data
c7e1ed88 T s3c_nand_correct_data_8bit
c7e1ef10 T s3c_nand_read_page_8bit
c7e1f010 t s3c_nand_scan_bbt
c7e1f014 T s3c_usb_core_soft_reset
c7e1f034 T s3c_usb_init_core
c7e1f050 T s3c_usb_check_current_mode
c7e1f064 T s3c_usb_set_soft_disconnect
c7e1f078 T s3c_usb_clear_soft_disconnect
c7e1f08c T s3c_usb_init_device
c7e1f0cc T s3c_usbc_activate
c7e1f0d4 T s3c_usb_stop
c7e1f0dc T s3c_usb_set_inep_xfersize
c7e1f108 T s3c_usb_set_outep_xfersize
c7e1f138 T s3c_usb_write_ep0_fifo
c7e1f190 T s3c_usb_write_in_fifo
c7e1f1e8 T s3c_usb_read_out_fifo
c7e1f23c T s3c_usb_get_desc
c7e1f40c T s3c_usb_clear_feature
c7e1f488 T s3c_usb_set_feature
c7e1f5e8 T s3c_usb_get_status
c7e1f690 T s3c_usb_ep0_int_hndlr
c7e1f8a8 T s3c_usb_set_otherspeed_conf_desc
c7e1f9c8 T s3c_usb_transfer_ep0
c7e2068c T s3c_usb_int_bulkin
c7e20858 T s3c_usb_upload_start
c7e20a84 T s3c_usb_download_start
c7e20c90 T s3c_usb_dma_in_done
c7e20da0 T s3c_usb_set_all_outep_nak
c7e20dc8 T s3c_usb_clear_all_outep_nak
c7e20df0 T s3c_usb_set_max_pktsize
c7e20ea0 T s3c_usb_set_endpoint
c7e20ef4 T s3c_usb_set_descriptors
c7e21090 T s3c_usb_check_speed
c7e210a8 T s3c_usb_clear_dnfile_info
c7e210e8 T s3c_usb_clear_upfile_info
c7e21128 T s3c_usb_check_setconf
c7e21158 T s3c_usb_set_opmode
c7e21228 T s3c_usb_reset
c7e21290 T s3c_usb_set_init
c7e212ec T s3c_usb_verify_checksum
c7e213b4 T s3c_usb_download_continue
c7e21544 T s3c_usb_int_bulkout
c7e21594 T s3c_usb_pkt_receive
c7e21614 T s3c_usb_print_pkt
c7e21660 T s3c_usb_dma_out_done
c7e2177c T s3c_usb_transfer
c7e218a0 T s3c_udc_int_hndlr
c7e2193c T s3c_usb_wait_cable_insert
c7e21988 T s3c_usb_init_phy
c7e219c0 T s3c_usbctl_init
c7e21a84 t __fswab32
c7e21aa4 T do_bootm_linux
c7e21e94 T flush_cache
c7e21e98 T GregorianDay
c7e21f8c T to_tm
c7e2209c T mktime
c7e22130 t SetRTC_Access
c7e2216c t bcd2bin
c7e22180 t bin2bcd
c7e221b4 T rtc_get
c7e222b8 T rtc_set
c7e22358 T rtc_reset
c7e22380 t nand_block_bad_scrub
c7e22388 T nand_lock
c7e223dc T nand_unlock
c7e224ec T nand_get_lock_status
c7e22578 T nand_read_opts
c7e22934 T nand_write_opts
c7e22ea0 T nand_erase_opts
c7e2320c T __div64_32
c7e23300 T __aeabi_uidiv
c7e23300 T __udivsi3
c7e23300 t .udivsi3_nodiv0
c7e233f4 T __aeabi_uidivmod
c7e23414 T __aeabi_idiv
c7e23414 T __divsi3
c7e2341c t .divsi3_nodiv0
c7e2353c T __aeabi_idivmod
c7e2355c T __aeabi_lasr
c7e2355c T __ashrdi3
c7e23578 T __aeabi_llsl
c7e23578 T __ashldi3
c7e23594 W __aeabi_idiv0
c7e237ac r C.8.2231
c7e2382c r C.43.3271
c7e2383c R version_string
c7e23876 r default_nand_name
c7e2387b r __FUNCTION__.4035
c7e2388a r __FUNCTION__.2572
c7e2389b r __FUNCTION__.3561
c7e238a9 r __FUNCTION__.3076
c7e238bb r C.19.2730
c7e238bd r nand_ecc_precalc_table
c7e239c0 r C.10.1948
c7e23ad8 r baudrate_table
c7e23aec r crc16_tab
c7e23cec r crc_table
c7e240ec r border
c7e24138 r inflate_mask
c7e2417c R config_full
c7e24185 R config_full_total
c7e241a5 R config_high
c7e241ae R config_high_total
c7e241ce R qualifier_desc
c7e241d8 R string_desc0
c7e241dc R string_desc1
c7e241f2 R string_desc2
c7e24220 r C.7.1894
c7e2ac60 D init_sequence
c7e2ac94 D NetOurVLAN
c7e2ac96 D NetBcastAddr
c7e2ac9c D NetOurNativeVLAN
c7e2aca0 d nfs_offset
c7e2aca4 D nand_curr_device
c7e2aca8 d nand_oob_8
c7e2adf8 d nand_oob_16
c7e2af48 d nand_oob_64
c7e2b098 d nand_oob_128
c7e2b1e8 D nand_flash_ids
c7e2b7d0 D nand_manuf_ids
c7e2b810 d bbt_main_descr
c7e2b834 d bbt_mirror_descr
c7e2b858 d agand_flashbased
c7e2b87c d smallpage_flashbased
c7e2b8a0 d largepage_flashbased
c7e2b8c4 d smallpage_memorybased
c7e2b8e8 d largepage_memorybased
c7e2b90c d bbt_pattern
c7e2b910 d mirror_pattern
c7e2b914 d scan_agand_pattern
c7e2b91a d scan_ff_pattern
c7e2b91c d hist_cur
c7e2b920 D load_addr
c7e2b924 D weekdays
c7e2b940 D op_table
c7e2b9a8 d do_echo
c7e2b9ac D dp_last_length
c7e2b9b0 D stdio_names
c7e2b9bc d av_
c7e2bdc4 d trim_threshold
c7e2bdc8 d mmap_threshold
c7e2bdcc d sbrk_base
c7e2bdd0 D default_environment
c7e2bef4 D env_get_char
c7e2bef8 D default_environment_size
c7e2befc D env_name_spec
c7e2bf00 d blanks.2356
c7e2bf28 d reserved_list
c7e2bfac D _ctype
c7e2c0ac d fixed_left
c7e2c0b0 d cplens
c7e2c12c d cplext
c7e2c1a8 d cpdist
c7e2c220 d cpdext
c7e2c298 D zlib_version
c7e2c29c D z_errmsg
c7e2c2bc d CH7026_REGS_VGA_800
c7e2c41c D CH7026_REGS_VGA_640
c7e2c594 D CH7026_REGS_TV
c7e2c6d4 d s3c_nand_oob_64
c7e2c824 d s3c_nand_oob_16
c7e2c974 d s3c_nand_oob_mlc_64
c7e2cac4 d s3c_nand_oob_mlc_128_8bit
c7e2cc14 d s3c_nand_oob_mlc_232_8bit
c7e2cd64 D test_pkt
c7e2cd9c d month_days
c7e2cdcc d autoplace_oobinfo
c7e2cf1c d jffs2_oobinfo
c7e2d06c d yaffs_oobinfo
c7e2d1bc A __u_boot_cmd_start
c7e2d1bc D __u_boot_cmd_bdinfo
c7e2d1d4 D __u_boot_cmd_go
c7e2d1ec D __u_boot_cmd_reset
c7e2d204 D __u_boot_cmd_bootm
c7e2d21c D __u_boot_cmd_imls
c7e2d234 D __u_boot_cmd_icache
c7e2d24c D __u_boot_cmd_dcache
c7e2d264 D __u_boot_cmd_branch
c7e2d27c D __u_boot_cmd_date
c7e2d294 D __u_boot_cmd_bootelf
c7e2d2ac D __u_boot_cmd_bootvx
c7e2d2c4 D __u_boot_cmd_fatload
c7e2d2dc D __u_boot_cmd_fatls
c7e2d2f4 D __u_boot_cmd_fatinfo
c7e2d30c D __u_boot_cmd_flinfo
c7e2d324 D __u_boot_cmd_erase
c7e2d33c D __u_boot_cmd_protect
c7e2d354 D __u_boot_cmd_itest
c7e2d36c D __u_boot_cmd_loads
c7e2d384 D __u_boot_cmd_loadb
c7e2d39c D __u_boot_cmd_loady
c7e2d3b4 D __u_boot_cmd_md
c7e2d3cc D __u_boot_cmd_mm
c7e2d3e4 D __u_boot_cmd_nm
c7e2d3fc D __u_boot_cmd_mw
c7e2d414 D __u_boot_cmd_cp
c7e2d42c D __u_boot_cmd_cmp
c7e2d444 D __u_boot_cmd_crc32
c7e2d45c D __u_boot_cmd_base
c7e2d474 D __u_boot_cmd_loop
c7e2d48c D __u_boot_cmd_mtest
c7e2d4a4 D __u_boot_cmd_sleep
c7e2d4bc D __u_boot_cmd_nand
c7e2d4d4 D __u_boot_cmd_nboot
c7e2d4ec D __u_boot_cmd_bootp
c7e2d504 D __u_boot_cmd_tftpboot
c7e2d51c D __u_boot_cmd_rarpboot
c7e2d534 D __u_boot_cmd_nfs
c7e2d54c D __u_boot_cmd_ping
c7e2d564 D __u_boot_cmd_printenv
c7e2d57c D __u_boot_cmd_setenv
c7e2d594 D __u_boot_cmd_saveenv
c7e2d5ac D __u_boot_cmd_usb
c7e2d5c4 D __u_boot_cmd_version
c7e2d5dc D __u_boot_cmd_echo
c7e2d5f4 D __u_boot_cmd_test
c7e2d60c D __u_boot_cmd_exit
c7e2d624 D __u_boot_cmd_help
c7e2d63c D __u_boot_cmd_question_mark
c7e2d654 D __u_boot_cmd_dnw
c7e2d66c D __u_boot_cmd_movi
c7e2d684 A __u_boot_cmd_end
c7e30000 R mmu_table
c7e34000 A __bss_start
c7e34000 B movi_hc
c7e34004 b timestamp
c7e34008 b lastdec
c7e3400c B timer_load_val
c7e34010 b mmc_dev
c7e34074 b HS_DMA_END
c7e34078 b rca
c7e3407c b wt_cnt_HSMMC
c7e34080 b BlockNum_HSMMC
c7e34084 b WriteBlockCnt_INT
c7e34088 b BufferBoundary_INT_Cnt
c7e3408c b CompareCnt_INT
c7e34090 b Compare_buffer_HSMMC
c7e34094 b HCLK
c7e34098 B card_type
c7e3409c b Tx_buffer_HSMMC
c7e340a0 b COMPARE_INT_DONE
c7e340a4 b rd_cnt_HSMMC
c7e340a8 b ReadBlockCnt_INT
c7e340ac b Rx_buffer_HSMMC
c7e340b0 b mem_malloc_brk
c7e340b4 b mem_malloc_start
c7e340b8 b mem_malloc_end
c7e340bc B monitor_flash_len
c7e340c0 B NetState
c7e340c4 b packetHandler
c7e340c8 B NetIPID
c7e340cc B NetOurIP
c7e340d0 B NetOurEther
c7e340d8 B NetPingIP
c7e340dc B NetTxPacket
c7e340e0 B NetArpWaitPacketIP
c7e340e4 B NetOurSubnetMask
c7e340e8 B NetOurGatewayIP
c7e340ec B NetArpWaitReplyIP
c7e340f0 B NetRxPkt
c7e340f4 B NetRxPktLen
c7e340f8 B NetArpWaitPacketMAC
c7e340fc B NetArpWaitTxPacket
c7e34100 B NetArpWaitTxPacketSize
c7e34104 B NetServerIP
c7e34108 B NetServerEther
c7e3410e b mac.2519
c7e34114 B NetEtherNullAddr
c7e3411a b PingSeqNo
c7e3411c B NetArpWaitTry
c7e34120 B NetArpWaitTimerStart
c7e34124 b timeHandler
c7e34128 b timeStart
c7e3412c b timeDelta
c7e34130 B PktBuf
c7e35f50 B NetRxPackets
c7e35f60 B NetArpWaitPacketBuf
c7e36580 B NetBootFileXferSize
c7e36584 B NetOurDNSIP
c7e36588 B NetOurNISDomain
c7e365a8 B NetOurHostName
c7e365c8 B NetOurRootPath
c7e36608 B NetBootFileSize
c7e3660a B BootFile
c7e3668c b TftpState
c7e36690 b tftp_filename
c7e36694 b TftpBlock
c7e36698 b TftpServerPort
c7e3669c b TftpOurPort
c7e366a0 b default_filename
c7e366b0 b TftpTimeoutCount
c7e366b4 b TftpBlockWrap
c7e366b8 b TftpBlockWrapOffset
c7e366bc b TftpLastBlock
c7e366c0 B BootpTry
c7e366c4 B BootpID
c7e366c8 B RarpTry
c7e366cc b rpc_id
c7e366d0 b NfsSrvMountPort
c7e366d4 b NfsSrvNfsPort
c7e366d8 b fs_mounted
c7e366dc b dirfh
c7e366fc b filefh
c7e3671c b NfsServerIP
c7e36720 b NfsOurPort
c7e36724 b NfsState
c7e36728 b nfs_path
c7e3672c b nfs_filename
c7e36730 b nfs_len
c7e36734 b NfsDownloadState
c7e36738 b nfs_path_buff
c7e36f38 b default_filename
c7e36f78 b NfsTimeoutCount
c7e36f7c B MoveData
c7e36f80 B nand_info
c7e37034 b nand_chip
c7e37138 b initted.2193
c7e3713c b hist_max
c7e37140 b hist_add_idx
c7e37144 B hist_num
c7e37148 B hist_lines
c7e38548 B hist_list
c7e38598 B console_buffer
c7e38698 B header
c7e386d8 b os_data_state
c7e386dc B os_data_count
c7e386e0 b os_data_addr
c7e386e4 b bin_start_address
c7e386e8 b k_data_escape
c7e386ec B os_data_init
c7e386f0 b k_data_escape_saved
c7e386f4 b os_data_state_saved
c7e386f8 b os_data_count_saved
c7e386fc b os_data_addr_saved
c7e38700 B os_data_char
c7e38704 B his_quote
c7e38708 B his_pad_count
c7e3870c B his_pad_char
c7e3870d B his_eol
c7e38710 B send_ptr
c7e38714 B send_parms
c7e38728 b a_b
c7e38740 B os_data_header
c7e38760 b base_address
c7e38764 B mm_last_addr
c7e38768 B mm_last_size
c7e3876c B dp_last_addr
c7e38770 B dp_last_size
c7e38774 b ctrlc_disabled
c7e38778 b ctrlc_was_pressed
c7e3877c B devlist
c7e38780 B stdio_devices
c7e3878c b top_pad
c7e38790 b n_mmaps_max
c7e38794 b current_mallinfo
c7e387bc b max_sbrked_mem
c7e387c0 b max_total_mem
c7e387c4 B env_ptr
c7e387c8 b local.2147
c7e387de b map
c7e388e0 b top_vars
c7e388e4 b flag_repeat
c7e388e8 b do_repeat
c7e388ec b the_command.2174
c7e389ec b buf.2614
c7e38a14 B last_return_code
c7e38a18 b ifs
c7e38a1c B nesting_level
c7e38a20 b asynch_allowed
c7e38a24 b usb_dev
c7e452a4 b usb_hub_index
c7e452a8 b hub_dev
c7e453a8 b dev_index
c7e453ac B usb_started
c7e453ad b setup_packet
c7e453b8 b running
c7e453bc b xyz
c7e457f8 B ofsinfo
c7e45810 B ___strtok
c7e45814 b fixed_mem
c7e468a4 b fixed_lock
c7e468a8 b fixed_built
c7e468ac b fixed_bl
c7e468b0 b fixed_tl
c7e468b4 b fixed_bd
c7e468b8 b fixed_td
c7e468bc B flash_info
c7e46900 B ptd
c7e46904 b gohci
c7e469d0 B ohci_dev
c7e46b60 B urb_priv
c7e46c40 B gtd
c7e47d00 B ghcca
c7e47e00 B phcca
c7e47e04 B got_rhsc
c7e47e08 B devgone
c7e47f00 B boot_nand
c7e47f04 B cur_ecc_mode
c7e47f08 B nand_type
c7e47f0c B otg
c7e47f90 B remode_wakeup
c7e47f94 B get_status
c7e47f9a B config_value
c7e47f9c B get_intf
c7e47fa0 B s3c_usbd_dn_addr
c7e47fa4 B op_mode
c7e47fa8 B dn_filesize
c7e47fac B s3c_receive_done
c7e47fb0 B speed
c7e47fb4 B s3c_got_header
c7e47fb8 B DNW
c7e47fbc b params
c7e47fc0 b data_buf
c7e49fc0 b oob_buf
c7e4a0a8 b none_oobinfo
c7e4a1f8 A _end
